// Jest Snapshot v1, https://goo.gl/fbAQLP

exports[`Card should match snapshot 1`] = `
<div
  className="card"
>
  <div>
    <div>
      <p>
        Name: 
        T-16 skyhopper
      </p>
      <p>
        Model: 
        T-16 skyhopper
      </p>
      <p>
        Class: 
        repulsorcraft
      </p>
      <p>
        Passengers: 
        1
      </p>
    </div>
  </div>
</div>
`;
